Microchip MPLAB XC8 Compiler V1.45 ()

Linker command line:

-W-3 --edf=/opt/microchip/xc8/v1.45/dat/en_msgs.txt -cs \
  -h+dist/default/production/maingame.X.production.sym \
  --cmf=dist/default/production/maingame.X.production.cmf -z -Q16F1829 \
  -o/tmp/xcX2qmq1x -Mdist/default/production/maingame.X.production.map -E1 \
  -ver=XC8 -ASTACK=02044h-023efh -pstack=STACK -ACODE=00h-07FFhx4 \
  -ASTRCODE=00h-01FFFh -ASTRING=00h-0FFhx32 -ACONST=00h-0FFhx32 \
  -AENTRY=00h-0FFhx32 -ACOMMON=070h-07Fh -ABANK0=020h-06Fh \
  -ABANK1=0A0h-0EFh -ABANK2=0120h-016Fh -ABANK3=01A0h-01EFh \
  -ABANK4=0220h-026Fh -ABANK5=02A0h-02EFh -ABANK6=0320h-036Fh \
  -ABANK7=03A0h-03EFh -ABANK8=0420h-046Fh -ABANK9=04A0h-04EFh \
  -ABANK10=0520h-056Fh -ABANK11=05A0h-05EFh -ABANK12=0620h-064Fh \
  -ABIGRAM=02000h-023EFh \
  -ARAM=020h-06Fh,0A0h-0EFh,0120h-016Fh,01A0h-01EFh,0220h-026Fh,02A0h-02EFh,0320h-036Fh,03A0h-03EFh,0420h-046Fh,04A0h-04EFh,0520h-056Fh,05A0h-05EFh,0620h-064Fh \
  -AABS1=020h-07Fh,0A0h-0EFh,0120h-016Fh,01A0h-01EFh,0220h-026Fh,02A0h-02EFh,0320h-036Fh,03A0h-03EFh,0420h-046Fh,04A0h-04EFh,0520h-056Fh,05A0h-05EFh,0620h-064Fh \
  -ASFR0=00h-01Fh -ASFR1=080h-09Fh -ASFR2=0100h-011Fh -ASFR3=0180h-019Fh \
  -ASFR4=0200h-021Fh -ASFR5=0280h-029Fh -ASFR6=0300h-031Fh \
  -ASFR7=0380h-039Fh -ASFR8=0400h-041Fh -ASFR9=0480h-049Fh \
  -ASFR10=0500h-051Fh -ASFR11=0580h-059Fh -ASFR12=0600h-061Fh \
  -ASFR13=0680h-06EFh -ASFR14=0700h-076Fh -ASFR15=0780h-07EFh \
  -ASFR16=0800h-086Fh -ASFR17=0880h-08EFh -ASFR18=0900h-096Fh \
  -ASFR19=0980h-09EFh -ASFR20=0A00h-0A6Fh -ASFR21=0A80h-0AEFh \
  -ASFR22=0B00h-0B6Fh -ASFR23=0B80h-0BEFh -ASFR24=0C00h-0C6Fh \
  -ASFR25=0C80h-0CEFh -ASFR26=0D00h-0D6Fh -ASFR27=0D80h-0DEFh \
  -ASFR28=0E00h-0E6Fh -ASFR29=0E80h-0EEFh -ASFR30=0F00h-0F6Fh \
  -ASFR31=0F80h-0FEFh -preset_vec=00h,intentry=04h,init,end_init \
  -ppowerup=CODE -pcinit=CODE -pfunctab=ENTRY -ACONFIG=08007h-08008h \
  -pconfig=CONFIG -DCONFIG=2 -AIDLOC=08000h-08003h -pidloc=IDLOC -DIDLOC=2 \
  -AEEDATA=00h-0FFh/0F000h -peeprom_data=EEDATA -DEEDATA=2 -DCODE=2 \
  -DSTRCODE=2 -DSTRING=2 -DCONST=2 -DENTRY=2 -k /tmp/xcX4WIhoM.obj \
  dist/default/production/maingame.X.production.obj 

Object code version is 3.11

Machine type is 16F1829



                Name                               Link     Load   Length Selector   Space Scale
/tmp/xcX4WIhoM.obj
                end_init                             44       44        2        8       0
                reset_vec                             0        0        2        0       0
                config                             8007     8007        2    1000E       0
dist/default/production/maingame.X.production.obj
                cinit                                46       46       1F        8       0
                intentry                              4        4       40        8       0
                text49                             11B6     11B6        8     236C       0
                text47                             11BE     11BE        8     237C       0
                text46                              800      800        F     1000       0
                text45                             1268     1268       1C     24D0       0
                text44                             1181     1181        5     2302       0
                text43                             1186     1186        5     230C       0
                text42                             118B     118B        5     2316       0
                text41                             11A8     11A8        7     2350       0
                text40                             14A4     14A4       57     2948       0
                text39                             139B     139B       3B     2736       0
                text38                             1415     1415       47     282A       0
                text37                             13D6     13D6       3F     27AC       0
                text36                             14FB     14FB       5B     29F6       0
                text35                             1222     1222       16     2444       0
                text34                             1175     1175        4     22EA       0
                text33                             11E0     11E0        C     23C0       0
                text32                             1333     1333       34     2666       0
                text31                             1306     1306       2D     260C       0
                text30                             11AF     11AF        7     235E       0
                text29                             15BE     15BE      11D     2B7C       0
                text28                             1238     1238       16     2470       0
                text27                             11CE     11CE        9     239C       0
                text26                             12C1     12C1       21     2582       0
                text25                             1204     1204        D     2408       0
                text24                             12A1     12A1       20     2542       0
                text23                             1190     1190        6     2320       0
                text22                             1196     1196        6     232C       0
                text21                             12E2     12E2       24     25C4       0
                text20                             119C     119C        6     2338       0
                text19                              55D      55D      1B4        8       0
                text18                             145C     145C       48     28B8       0
                text17                              BC3      BC3      43D     1786       0
                text16                             11A2     11A2        6     2344       0
                text15                             11EC     11EC        C     23D8       0
                text14                             11D7     11D7        9     23AE       0
                text13                             1367     1367       34     26CE       0
                text12                             124E     124E       1A     249C       0
                text11                               65       65      4F8        8       0
                text10                             11F8     11F8        C     23F0       0
                text9                              1179     1179        4     22F2       0
                text8                              1211     1211       11     2422       0
                text7                              16DB     16DB      125     2DB6       0
                text6                               711      711       BD        8       0
                text5                              1556     1556       68     2AAC       0
                text4                               80F      80F       68     101E       0
                text3                               7CE      7CE       31        8       0
                text2                              1284     1284       1D     2508       0
                text1                              11C6     11C6        8     238C       0
                maintext                            877      877      34C     10EE       0
                cstackBANK0                          20       20       36       20       1
                cstackCOMMON                         70       70        A       70       1
                dataBANK0                            60       60        4       20       1
                bssBANK0                             56       56        A       20       1
                bssCOMMON                            7A       7A        2       70       1
                stringtext298                      1FFD     1FFD        2     3000       0
                stringtext297                      1FFB     1FFB        2     3000       0
                stringtext296                      1FF9     1FF9        2     3000       0
                stringtext295                      186F     186F        A     3000       0
                stringtext294                      1865     1865        A     3000       0
                stringtext293                      185B     185B        A     3000       0
                stringtext292                      1845     1845        C     3000       0
                stringtext291                      1838     1838        D     3000       0
                stringtext290                      1829     1829        F     3000       0
                stringtext289                      1819     1819       10     3000       0
                stringtext288                      1800     1800       19     3000       0
                stringtext287                      1168     1168        8     2000       0
                stringtext286                      1160     1160        8     2000       0
                stringtext285                      1158     1158        8     2000       0
                stringtext284                      1150     1150        8     2000       0
                stringtext283                      1148     1148        8     2000       0
                stringtext282                      1140     1140        8     2000       0
                stringtext281                      1138     1138        8     2000       0
                stringtext280                      1130     1130        8     2000       0
                stringtext279                      1128     1128        8     2000       0
                stringtext278                      1120     1120        8     2000       0
                stringtext277                      1118     1118        8     2000       0
                stringtext276                      1110     1110        8     2000       0
                stringtext275                      1108     1108        8     2000       0
                stringtext274                      1100     1100        8     2000       0
                stringtext273                      10F8     10F8        8     2000       0
                stringtext272                      10F0     10F0        8     2000       0
                stringtext271                      10E8     10E8        8     2000       0
                stringtext270                      10E0     10E0        8     2000       0
                stringtext269                      10D8     10D8        8     2000       0
                stringtext268                      10D0     10D0        8     2000       0
                stringtext267                      10C8     10C8        8     2000       0
                stringtext266                      10C0     10C0        8     2000       0
                stringtext265                      10B8     10B8        8     2000       0
                stringtext264                      10B0     10B0        8     2000       0
                stringtext263                      10A8     10A8        8     2000       0
                stringtext262                      10A0     10A0        8     2000       0
                stringtext261                      1098     1098        8     2000       0
                stringtext260                      1090     1090        8     2000       0
                stringtext259                      1088     1088        8     2000       0
                stringtext258                      1080     1080        8     2000       0
                stringtext257                      1078     1078        8     2000       0
                stringtext256                      1070     1070        8     2000       0
                stringtext255                      1068     1068        8     2000       0
                stringtext254                      1060     1060        8     2000       0
                stringtext253                      1058     1058        8     2000       0
                stringtext252                      1050     1050        8     2000       0
                stringtext251                      1048     1048        8     2000       0
                stringtext250                      1040     1040        8     2000       0
                stringtext249                      1038     1038        8     2000       0
                stringtext248                      1030     1030        8     2000       0
                stringtext247                      1028     1028        8     2000       0
                stringtext246                      1020     1020        8     2000       0
                stringtext245                      1018     1018        8     2000       0
                stringtext244                      1010     1010        8     2000       0
                stringtext243                      1008     1008        8     2000       0
                stringtext242                      1000     1000        8     2000       0
                stringtext241                      1FF1     1FF1        8     3000       0
                stringtext240                      1FE9     1FE9        8     3000       0
                stringtext239                      1FE1     1FE1        8     3000       0
                stringtext238                      1FD9     1FD9        8     3000       0
                stringtext237                      1FD1     1FD1        8     3000       0
                stringtext236                      1FC9     1FC9        8     3000       0
                stringtext235                      1FC1     1FC1        8     3000       0
                stringtext234                      1FB9     1FB9        8     3000       0
                stringtext233                      1FB1     1FB1        8     3000       0
                stringtext232                      1FA9     1FA9        8     3000       0
                stringtext231                      1FA1     1FA1        8     3000       0
                stringtext230                      1F99     1F99        8     3000       0
                stringtext229                      1F91     1F91        8     3000       0
                stringtext228                      1F89     1F89        8     3000       0
                stringtext227                      1F81     1F81        8     3000       0
                stringtext226                      1F79     1F79        8     3000       0
                stringtext225                      1F71     1F71        8     3000       0
                stringtext224                      1F69     1F69        8     3000       0
                stringtext223                      1F61     1F61        8     3000       0
                stringtext222                      1F59     1F59        8     3000       0
                stringtext221                      1F51     1F51        8     3000       0
                stringtext220                      1F49     1F49        8     3000       0
                stringtext219                      1F41     1F41        8     3000       0
                stringtext218                      1F39     1F39        8     3000       0
                stringtext217                      1F31     1F31        8     3000       0
                stringtext216                      1F29     1F29        8     3000       0
                stringtext215                      1F21     1F21        8     3000       0
                stringtext214                      1F19     1F19        8     3000       0
                stringtext213                      1F11     1F11        8     3000       0
                stringtext212                      1F09     1F09        8     3000       0
                stringtext211                      1F01     1F01        8     3000       0
                stringtext210                      1EF9     1EF9        8     3000       0
                stringtext209                      1EF1     1EF1        8     3000       0
                stringtext208                      1EE9     1EE9        8     3000       0
                stringtext207                      1EE1     1EE1        8     3000       0
                stringtext206                      1ED9     1ED9        8     3000       0
                stringtext205                      1ED1     1ED1        8     3000       0
                stringtext204                      1EC9     1EC9        8     3000       0
                stringtext203                      1EC1     1EC1        8     3000       0
                stringtext202                      1EB9     1EB9        8     3000       0
                stringtext201                      1EB1     1EB1        8     3000       0
                stringtext200                      1EA9     1EA9        8     3000       0
                stringtext199                      1EA1     1EA1        8     3000       0
                stringtext198                      1E99     1E99        8     3000       0
                stringtext197                      1E91     1E91        8     3000       0
                stringtext196                      1E89     1E89        8     3000       0
                stringtext195                      1E81     1E81        8     3000       0
                stringtext194                      1E79     1E79        8     3000       0
                stringtext193                      1E71     1E71        8     3000       0
                stringtext192                      1E69     1E69        8     3000       0
                stringtext191                      1E61     1E61        8     3000       0
                stringtext190                      1E59     1E59        8     3000       0
                stringtext189                      1E51     1E51        8     3000       0
                stringtext188                      1E49     1E49        8     3000       0
                stringtext187                      1E41     1E41        8     3000       0
                stringtext186                      1E39     1E39        8     3000       0
                stringtext185                      1E31     1E31        8     3000       0
                stringtext184                      1E29     1E29        8     3000       0
                stringtext183                      1E21     1E21        8     3000       0
                stringtext182                      1E19     1E19        8     3000       0
                stringtext181                      1E11     1E11        8     3000       0
                stringtext180                      1E09     1E09        8     3000       0
                stringtext179                      1E01     1E01        8     3000       0
                stringtext178                      1DF9     1DF9        8     3000       0
                stringtext177                      1DF1     1DF1        8     3000       0
                stringtext176                      1DE9     1DE9        8     3000       0
                stringtext175                      1DE1     1DE1        8     3000       0
                stringtext174                      1DD9     1DD9        8     3000       0
                stringtext173                      1DD1     1DD1        8     3000       0
                stringtext172                      1DC9     1DC9        8     3000       0
                stringtext171                      1DC1     1DC1        8     3000       0
                stringtext170                      1DB9     1DB9        8     3000       0
                stringtext169                      1DB1     1DB1        8     3000       0
                stringtext168                      1DA9     1DA9        8     3000       0
                stringtext167                      1DA1     1DA1        8     3000       0
                stringtext166                      1D99     1D99        8     3000       0
                stringtext165                      1D91     1D91        8     3000       0
                stringtext164                      1D89     1D89        8     3000       0
                stringtext163                      1D81     1D81        8     3000       0
                stringtext162                      1D79     1D79        8     3000       0
                stringtext161                      1D71     1D71        8     3000       0
                stringtext160                      1D69     1D69        8     3000       0
                stringtext159                      1D61     1D61        8     3000       0
                stringtext158                      1D59     1D59        8     3000       0
                stringtext157                      1D51     1D51        8     3000       0
                stringtext156                      1D49     1D49        8     3000       0
                stringtext155                      1D41     1D41        8     3000       0
                stringtext154                      1D39     1D39        8     3000       0
                stringtext153                      1D31     1D31        8     3000       0
                stringtext152                      1D29     1D29        8     3000       0
                stringtext151                      1D21     1D21        8     3000       0
                stringtext150                      1D19     1D19        8     3000       0
                stringtext149                      1D11     1D11        8     3000       0
                stringtext148                      1D09     1D09        8     3000       0
                stringtext147                      1D01     1D01        8     3000       0
                stringtext146                      1CF9     1CF9        8     3000       0
                stringtext145                      1CF1     1CF1        8     3000       0
                stringtext144                      1CE9     1CE9        8     3000       0
                stringtext143                      1CE1     1CE1        8     3000       0
                stringtext142                      1CD9     1CD9        8     3000       0
                stringtext141                      1CD1     1CD1        8     3000       0
                stringtext140                      1CC9     1CC9        8     3000       0
                stringtext139                      1CC1     1CC1        8     3000       0
                stringtext138                      1CB9     1CB9        8     3000       0
                stringtext137                      1CB1     1CB1        8     3000       0
                stringtext136                      1CA9     1CA9        8     3000       0
                stringtext135                      1CA1     1CA1        8     3000       0
                stringtext134                      1C99     1C99        8     3000       0
                stringtext133                      1C91     1C91        8     3000       0
                stringtext132                      1C89     1C89        8     3000       0
                stringtext131                      1C81     1C81        8     3000       0
                stringtext130                      1C79     1C79        8     3000       0
                stringtext129                      1C71     1C71        8     3000       0
                stringtext128                      1C69     1C69        8     3000       0
                stringtext127                      1C61     1C61        8     3000       0
                stringtext126                      1C59     1C59        8     3000       0
                stringtext125                      1C51     1C51        8     3000       0
                stringtext124                      1C49     1C49        8     3000       0
                stringtext123                      1C41     1C41        8     3000       0
                stringtext122                      1C39     1C39        8     3000       0
                stringtext121                      1C31     1C31        8     3000       0
                stringtext120                      1C29     1C29        8     3000       0
                stringtext119                      1C21     1C21        8     3000       0
                stringtext118                      1C19     1C19        8     3000       0
                stringtext117                      1C11     1C11        8     3000       0
                stringtext116                      1C09     1C09        8     3000       0
                stringtext115                      1C01     1C01        8     3000       0
                stringtext114                      1BF9     1BF9        8     3000       0
                stringtext113                      1BF1     1BF1        8     3000       0
                stringtext112                      1BE9     1BE9        8     3000       0
                stringtext111                      1BE1     1BE1        8     3000       0
                stringtext110                      1BD9     1BD9        8     3000       0
                stringtext109                      1BD1     1BD1        8     3000       0
                stringtext108                      1BC9     1BC9        8     3000       0
                stringtext107                      1BC1     1BC1        8     3000       0
                stringtext106                      1BB9     1BB9        8     3000       0
                stringtext105                      1BB1     1BB1        8     3000       0
                stringtext104                      1BA9     1BA9        8     3000       0
                stringtext103                      1BA1     1BA1        8     3000       0
                stringtext102                      1B99     1B99        8     3000       0
                stringtext101                      1B91     1B91        8     3000       0
                stringtext100                      1B89     1B89        8     3000       0
                stringtext99                       1B81     1B81        8     3000       0
                stringtext98                       1B79     1B79        8     3000       0
                stringtext97                       1B71     1B71        8     3000       0
                stringtext96                       1B69     1B69        8     3000       0
                stringtext95                       1B61     1B61        8     3000       0
                stringtext94                       1B59     1B59        8     3000       0
                stringtext93                       1B51     1B51        8     3000       0
                stringtext92                       1B49     1B49        8     3000       0
                stringtext91                       1B41     1B41        8     3000       0
                stringtext90                       1B39     1B39        8     3000       0
                stringtext89                       1B31     1B31        8     3000       0
                stringtext88                       1B29     1B29        8     3000       0
                stringtext87                       1B21     1B21        8     3000       0
                stringtext86                       1B19     1B19        8     3000       0
                stringtext85                       1B11     1B11        8     3000       0
                stringtext84                       1B09     1B09        8     3000       0
                stringtext83                       1B01     1B01        8     3000       0
                stringtext82                       1AF9     1AF9        8     3000       0
                stringtext81                       1AF1     1AF1        8     3000       0
                stringtext80                       1AE9     1AE9        8     3000       0
                stringtext79                       1AE1     1AE1        8     3000       0
                stringtext78                       1AD9     1AD9        8     3000       0
                stringtext77                       1AD1     1AD1        8     3000       0
                stringtext76                       1AC9     1AC9        8     3000       0
                stringtext75                       1AC1     1AC1        8     3000       0
                stringtext74                       1AB9     1AB9        8     3000       0
                stringtext73                       1AB1     1AB1        8     3000       0
                stringtext72                       1AA9     1AA9        8     3000       0
                stringtext71                       1AA1     1AA1        8     3000       0
                stringtext70                       1A99     1A99        8     3000       0
                stringtext69                       1A91     1A91        8     3000       0
                stringtext68                       1A89     1A89        8     3000       0
                stringtext67                       1A81     1A81        8     3000       0
                stringtext66                       1A79     1A79        8     3000       0
                stringtext65                       1A71     1A71        8     3000       0
                stringtext64                       1A69     1A69        8     3000       0
                stringtext63                       1A61     1A61        8     3000       0
                stringtext62                       1A59     1A59        8     3000       0
                stringtext61                       1A51     1A51        8     3000       0
                stringtext60                       1A49     1A49        8     3000       0
                stringtext59                       1A41     1A41        8     3000       0
                stringtext58                       1A39     1A39        8     3000       0
                stringtext57                       1A31     1A31        8     3000       0
                stringtext56                       1A29     1A29        8     3000       0
                stringtext55                       1A21     1A21        8     3000       0
                stringtext54                       1A19     1A19        8     3000       0
                stringtext53                       1A11     1A11        8     3000       0
                stringtext52                       1A09     1A09        8     3000       0
                stringtext51                       1A01     1A01        8     3000       0
                stringtext50                       19F9     19F9        8     3000       0
                stringtext49                       19F1     19F1        8     3000       0
                stringtext48                       19E9     19E9        8     3000       0
                stringtext47                       19E1     19E1        8     3000       0
                stringtext46                       19D9     19D9        8     3000       0
                stringtext45                       19D1     19D1        8     3000       0
                stringtext44                       19C9     19C9        8     3000       0
                stringtext43                       19C1     19C1        8     3000       0
                stringtext42                       19B9     19B9        8     3000       0
                stringtext41                       19B1     19B1        8     3000       0
                stringtext40                       19A9     19A9        8     3000       0
                stringtext39                       19A1     19A1        8     3000       0
                stringtext38                       1999     1999        8     3000       0
                stringtext37                       1991     1991        8     3000       0
                stringtext36                       1989     1989        8     3000       0
                stringtext35                       1981     1981        8     3000       0
                stringtext34                       1979     1979        8     3000       0
                stringtext33                       1971     1971        8     3000       0
                stringtext32                       1969     1969        8     3000       0
                stringtext31                       1961     1961        8     3000       0
                stringtext30                       1959     1959        8     3000       0
                stringtext29                       1951     1951        8     3000       0
                stringtext28                       1949     1949        8     3000       0
                stringtext27                       1941     1941        8     3000       0
                stringtext26                       1939     1939        8     3000       0
                stringtext25                       1931     1931        8     3000       0
                stringtext24                       1929     1929        8     3000       0
                stringtext23                       1921     1921        8     3000       0
                stringtext22                       1919     1919        8     3000       0
                stringtext21                       1911     1911        8     3000       0
                stringtext20                       1909     1909        8     3000       0
                stringtext19                       1901     1901        8     3000       0
                stringtext18                       18F9     18F9        8     3000       0
                stringtext17                       18F1     18F1        8     3000       0
                stringtext16                       18E9     18E9        8     3000       0
                stringtext15                       18E1     18E1        8     3000       0
                stringtext14                       18D9     18D9        8     3000       0
                stringtext13                       18D1     18D1        8     3000       0
                stringtext12                       18C9     18C9        8     3000       0
                stringtext11                       18C1     18C1        8     3000       0
                stringtext10                       18B9     18B9        8     3000       0
                stringtext9                        18B1     18B1        8     3000       0
                stringtext8                        18A9     18A9        8     3000       0
                stringtext7                        18A1     18A1        8     3000       0
                stringtext6                        1899     1899        8     3000       0
                stringtext5                        1891     1891        8     3000       0
                stringtext4                        1889     1889        8     3000       0
                stringtext3                        1881     1881        8     3000       0
                stringtext2                        1879     1879        8     3000       0
                stringtext1                        1851     1851        A     3000       0
                idataBANK0                         117D     117D        4     22FA       0

TOTAL           Name                               Link     Load   Length     Space
        CLASS   STACK          

        CLASS   CODE           
                end_init                             44       44        2         0
                cinit                                46       46       1F         0
                intentry                              4        4       40         0
                reset_vec                             0        0        2         0
                text49                             11B6     11B6        8         0
                text47                             11BE     11BE        8         0
                text46                              800      800        F         0
                text45                             1268     1268       1C         0
                text44                             1181     1181        5         0
                text43                             1186     1186        5         0
                text42                             118B     118B        5         0
                text41                             11A8     11A8        7         0
                text40                             14A4     14A4       57         0
                text39                             139B     139B       3B         0
                text38                             1415     1415       47         0
                text37                             13D6     13D6       3F         0
                text36                             14FB     14FB       5B         0
                text35                             1222     1222       16         0
                text34                             1175     1175        4         0
                text33                             11E0     11E0        C         0
                text32                             1333     1333       34         0
                text31                             1306     1306       2D         0
                text30                             11AF     11AF        7         0
                text29                             15BE     15BE      11D         0
                text28                             1238     1238       16         0
                text27                             11CE     11CE        9         0
                text26                             12C1     12C1       21         0
                text25                             1204     1204        D         0
                text24                             12A1     12A1       20         0
                text23                             1190     1190        6         0
                text22                             1196     1196        6         0
                text21                             12E2     12E2       24         0
                text20                             119C     119C        6         0
                text19                              55D      55D      1B4         0
                text18                             145C     145C       48         0
                text17                              BC3      BC3      43D         0
                text16                             11A2     11A2        6         0
                text15                             11EC     11EC        C         0
                text14                             11D7     11D7        9         0
                text13                             1367     1367       34         0
                text12                             124E     124E       1A         0
                text11                               65       65      4F8         0
                text10                             11F8     11F8        C         0
                text9                              1179     1179        4         0
                text8                              1211     1211       11         0
                text7                              16DB     16DB      125         0
                text6                               711      711       BD         0
                text5                              1556     1556       68         0
                text4                               80F      80F       68         0
                text3                               7CE      7CE       31         0
                text2                              1284     1284       1D         0
                text1                              11C6     11C6        8         0
                maintext                            877      877      34C         0
                idataBANK0                         117D     117D        4         0

        CLASS   STRCODE        
                stringtext298                      1FFD     1FFD        2         0
                stringtext297                      1FFB     1FFB        2         0
                stringtext296                      1FF9     1FF9        2         0
                stringtext295                      186F     186F        A         0
                stringtext294                      1865     1865        A         0
                stringtext293                      185B     185B        A         0
                stringtext292                      1845     1845        C         0
                stringtext291                      1838     1838        D         0
                stringtext290                      1829     1829        F         0
                stringtext289                      1819     1819       10         0
                stringtext288                      1800     1800       19         0
                stringtext287                      1168     1168        8         0
                stringtext286                      1160     1160        8         0
                stringtext285                      1158     1158        8         0
                stringtext284                      1150     1150        8         0
                stringtext283                      1148     1148        8         0
                stringtext282                      1140     1140        8         0
                stringtext281                      1138     1138        8         0
                stringtext280                      1130     1130        8         0
                stringtext279                      1128     1128        8         0
                stringtext278                      1120     1120        8         0
                stringtext277                      1118     1118        8         0
                stringtext276                      1110     1110        8         0
                stringtext275                      1108     1108        8         0
                stringtext274                      1100     1100        8         0
                stringtext273                      10F8     10F8        8         0
                stringtext272                      10F0     10F0        8         0
                stringtext271                      10E8     10E8        8         0
                stringtext270                      10E0     10E0        8         0
                stringtext269                      10D8     10D8        8         0
                stringtext268                      10D0     10D0        8         0
                stringtext267                      10C8     10C8        8         0
                stringtext266                      10C0     10C0        8         0
                stringtext265                      10B8     10B8        8         0
                stringtext264                      10B0     10B0        8         0
                stringtext263                      10A8     10A8        8         0
                stringtext262                      10A0     10A0        8         0
                stringtext261                      1098     1098        8         0
                stringtext260                      1090     1090        8         0
                stringtext259                      1088     1088        8         0
                stringtext258                      1080     1080        8         0
                stringtext257                      1078     1078        8         0
                stringtext256                      1070     1070        8         0
                stringtext255                      1068     1068        8         0
                stringtext254                      1060     1060        8         0
                stringtext253                      1058     1058        8         0
                stringtext252                      1050     1050        8         0
                stringtext251                      1048     1048        8         0
                stringtext250                      1040     1040        8         0
                stringtext249                      1038     1038        8         0
                stringtext248                      1030     1030        8         0
                stringtext247                      1028     1028        8         0
                stringtext246                      1020     1020        8         0
                stringtext245                      1018     1018        8         0
                stringtext244                      1010     1010        8         0
                stringtext243                      1008     1008        8         0
                stringtext242                      1000     1000        8         0
                stringtext241                      1FF1     1FF1        8         0
                stringtext240                      1FE9     1FE9        8         0
                stringtext239                      1FE1     1FE1        8         0
                stringtext238                      1FD9     1FD9        8         0
                stringtext237                      1FD1     1FD1        8         0
                stringtext236                      1FC9     1FC9        8         0
                stringtext235                      1FC1     1FC1        8         0
                stringtext234                      1FB9     1FB9        8         0
                stringtext233                      1FB1     1FB1        8         0
                stringtext232                      1FA9     1FA9        8         0
                stringtext231                      1FA1     1FA1        8         0
                stringtext230                      1F99     1F99        8         0
                stringtext229                      1F91     1F91        8         0
                stringtext228                      1F89     1F89        8         0
                stringtext227                      1F81     1F81        8         0
                stringtext226                      1F79     1F79        8         0
                stringtext225                      1F71     1F71        8         0
                stringtext224                      1F69     1F69        8         0
                stringtext223                      1F61     1F61        8         0
                stringtext222                      1F59     1F59        8         0
                stringtext221                      1F51     1F51        8         0
                stringtext220                      1F49     1F49        8         0
                stringtext219                      1F41     1F41        8         0
                stringtext218                      1F39     1F39        8         0
                stringtext217                      1F31     1F31        8         0
                stringtext216                      1F29     1F29        8         0
                stringtext215                      1F21     1F21        8         0
                stringtext214                      1F19     1F19        8         0
                stringtext213                      1F11     1F11        8         0
                stringtext212                      1F09     1F09        8         0
                stringtext211                      1F01     1F01        8         0
                stringtext210                      1EF9     1EF9        8         0
                stringtext209                      1EF1     1EF1        8         0
                stringtext208                      1EE9     1EE9        8         0
                stringtext207                      1EE1     1EE1        8         0
                stringtext206                      1ED9     1ED9        8         0
                stringtext205                      1ED1     1ED1        8         0
                stringtext204                      1EC9     1EC9        8         0
                stringtext203                      1EC1     1EC1        8         0
                stringtext202                      1EB9     1EB9        8         0
                stringtext201                      1EB1     1EB1        8         0
                stringtext200                      1EA9     1EA9        8         0
                stringtext199                      1EA1     1EA1        8         0
                stringtext198                      1E99     1E99        8         0
                stringtext197                      1E91     1E91        8         0
                stringtext196                      1E89     1E89        8         0
                stringtext195                      1E81     1E81        8         0
                stringtext194                      1E79     1E79        8         0
                stringtext193                      1E71     1E71        8         0
                stringtext192                      1E69     1E69        8         0
                stringtext191                      1E61     1E61        8         0
                stringtext190                      1E59     1E59        8         0
                stringtext189                      1E51     1E51        8         0
                stringtext188                      1E49     1E49        8         0
                stringtext187                      1E41     1E41        8         0
                stringtext186                      1E39     1E39        8         0
                stringtext185                      1E31     1E31        8         0
                stringtext184                      1E29     1E29        8         0
                stringtext183                      1E21     1E21        8         0
                stringtext182                      1E19     1E19        8         0
                stringtext181                      1E11     1E11        8         0
                stringtext180                      1E09     1E09        8         0
                stringtext179                      1E01     1E01        8         0
                stringtext178                      1DF9     1DF9        8         0
                stringtext177                      1DF1     1DF1        8         0
                stringtext176                      1DE9     1DE9        8         0
                stringtext175                      1DE1     1DE1        8         0
                stringtext174                      1DD9     1DD9        8         0
                stringtext173                      1DD1     1DD1        8         0
                stringtext172                      1DC9     1DC9        8         0
                stringtext171                      1DC1     1DC1        8         0
                stringtext170                      1DB9     1DB9        8         0
                stringtext169                      1DB1     1DB1        8         0
                stringtext168                      1DA9     1DA9        8         0
                stringtext167                      1DA1     1DA1        8         0
                stringtext166                      1D99     1D99        8         0
                stringtext165                      1D91     1D91        8         0
                stringtext164                      1D89     1D89        8         0
                stringtext163                      1D81     1D81        8         0
                stringtext162                      1D79     1D79        8         0
                stringtext161                      1D71     1D71        8         0
                stringtext160                      1D69     1D69        8         0
                stringtext159                      1D61     1D61        8         0
                stringtext158                      1D59     1D59        8         0
                stringtext157                      1D51     1D51        8         0
                stringtext156                      1D49     1D49        8         0
                stringtext155                      1D41     1D41        8         0
                stringtext154                      1D39     1D39        8         0
                stringtext153                      1D31     1D31        8         0
                stringtext152                      1D29     1D29        8         0
                stringtext151                      1D21     1D21        8         0
                stringtext150                      1D19     1D19        8         0
                stringtext149                      1D11     1D11        8         0
                stringtext148                      1D09     1D09        8         0
                stringtext147                      1D01     1D01        8         0
                stringtext146                      1CF9     1CF9        8         0
                stringtext145                      1CF1     1CF1        8         0
                stringtext144                      1CE9     1CE9        8         0
                stringtext143                      1CE1     1CE1        8         0
                stringtext142                      1CD9     1CD9        8         0
                stringtext141                      1CD1     1CD1        8         0
                stringtext140                      1CC9     1CC9        8         0
                stringtext139                      1CC1     1CC1        8         0
                stringtext138                      1CB9     1CB9        8         0
                stringtext137                      1CB1     1CB1        8         0
                stringtext136                      1CA9     1CA9        8         0
                stringtext135                      1CA1     1CA1        8         0
                stringtext134                      1C99     1C99        8         0
                stringtext133                      1C91     1C91        8         0
                stringtext132                      1C89     1C89        8         0
                stringtext131                      1C81     1C81        8         0
                stringtext130                      1C79     1C79        8         0
                stringtext129                      1C71     1C71        8         0
                stringtext128                      1C69     1C69        8         0
                stringtext127                      1C61     1C61        8         0
                stringtext126                      1C59     1C59        8         0
                stringtext125                      1C51     1C51        8         0
                stringtext124                      1C49     1C49        8         0
                stringtext123                      1C41     1C41        8         0
                stringtext122                      1C39     1C39        8         0
                stringtext121                      1C31     1C31        8         0
                stringtext120                      1C29     1C29        8         0
                stringtext119                      1C21     1C21        8         0
                stringtext118                      1C19     1C19        8         0
                stringtext117                      1C11     1C11        8         0
                stringtext116                      1C09     1C09        8         0
                stringtext115                      1C01     1C01        8         0
                stringtext114                      1BF9     1BF9        8         0
                stringtext113                      1BF1     1BF1        8         0
                stringtext112                      1BE9     1BE9        8         0
                stringtext111                      1BE1     1BE1        8         0
                stringtext110                      1BD9     1BD9        8         0
                stringtext109                      1BD1     1BD1        8         0
                stringtext108                      1BC9     1BC9        8         0
                stringtext107                      1BC1     1BC1        8         0
                stringtext106                      1BB9     1BB9        8         0
                stringtext105                      1BB1     1BB1        8         0
                stringtext104                      1BA9     1BA9        8         0
                stringtext103                      1BA1     1BA1        8         0
                stringtext102                      1B99     1B99        8         0
                stringtext101                      1B91     1B91        8         0
                stringtext100                      1B89     1B89        8         0
                stringtext99                       1B81     1B81        8         0
                stringtext98                       1B79     1B79        8         0
                stringtext97                       1B71     1B71        8         0
                stringtext96                       1B69     1B69        8         0
                stringtext95                       1B61     1B61        8         0
                stringtext94                       1B59     1B59        8         0
                stringtext93                       1B51     1B51        8         0
                stringtext92                       1B49     1B49        8         0
                stringtext91                       1B41     1B41        8         0
                stringtext90                       1B39     1B39        8         0
                stringtext89                       1B31     1B31        8         0
                stringtext88                       1B29     1B29        8         0
                stringtext87                       1B21     1B21        8         0
                stringtext86                       1B19     1B19        8         0
                stringtext85                       1B11     1B11        8         0
                stringtext84                       1B09     1B09        8         0
                stringtext83                       1B01     1B01        8         0
                stringtext82                       1AF9     1AF9        8         0
                stringtext81                       1AF1     1AF1        8         0
                stringtext80                       1AE9     1AE9        8         0
                stringtext79                       1AE1     1AE1        8         0
                stringtext78                       1AD9     1AD9        8         0
                stringtext77                       1AD1     1AD1        8         0
                stringtext76                       1AC9     1AC9        8         0
                stringtext75                       1AC1     1AC1        8         0
                stringtext74                       1AB9     1AB9        8         0
                stringtext73                       1AB1     1AB1        8         0
                stringtext72                       1AA9     1AA9        8         0
                stringtext71                       1AA1     1AA1        8         0
                stringtext70                       1A99     1A99        8         0
                stringtext69                       1A91     1A91        8         0
                stringtext68                       1A89     1A89        8         0
                stringtext67                       1A81     1A81        8         0
                stringtext66                       1A79     1A79        8         0
                stringtext65                       1A71     1A71        8         0
                stringtext64                       1A69     1A69        8         0
                stringtext63                       1A61     1A61        8         0
                stringtext62                       1A59     1A59        8         0
                stringtext61                       1A51     1A51        8         0
                stringtext60                       1A49     1A49        8         0
                stringtext59                       1A41     1A41        8         0
                stringtext58                       1A39     1A39        8         0
                stringtext57                       1A31     1A31        8         0
                stringtext56                       1A29     1A29        8         0
                stringtext55                       1A21     1A21        8         0
                stringtext54                       1A19     1A19        8         0
                stringtext53                       1A11     1A11        8         0
                stringtext52                       1A09     1A09        8         0
                stringtext51                       1A01     1A01        8         0
                stringtext50                       19F9     19F9        8         0
                stringtext49                       19F1     19F1        8         0
                stringtext48                       19E9     19E9        8         0
                stringtext47                       19E1     19E1        8         0
                stringtext46                       19D9     19D9        8         0
                stringtext45                       19D1     19D1        8         0
                stringtext44                       19C9     19C9        8         0
                stringtext43                       19C1     19C1        8         0
                stringtext42                       19B9     19B9        8         0
                stringtext41                       19B1     19B1        8         0
                stringtext40                       19A9     19A9        8         0
                stringtext39                       19A1     19A1        8         0
                stringtext38                       1999     1999        8         0
                stringtext37                       1991     1991        8         0
                stringtext36                       1989     1989        8         0
                stringtext35                       1981     1981        8         0
                stringtext34                       1979     1979        8         0
                stringtext33                       1971     1971        8         0
                stringtext32                       1969     1969        8         0
                stringtext31                       1961     1961        8         0
                stringtext30                       1959     1959        8         0
                stringtext29                       1951     1951        8         0
                stringtext28                       1949     1949        8         0
                stringtext27                       1941     1941        8         0
                stringtext26                       1939     1939        8         0
                stringtext25                       1931     1931        8         0
                stringtext24                       1929     1929        8         0
                stringtext23                       1921     1921        8         0
                stringtext22                       1919     1919        8         0
                stringtext21                       1911     1911        8         0
                stringtext20                       1909     1909        8         0
                stringtext19                       1901     1901        8         0
                stringtext18                       18F9     18F9        8         0
                stringtext17                       18F1     18F1        8         0
                stringtext16                       18E9     18E9        8         0
                stringtext15                       18E1     18E1        8         0
                stringtext14                       18D9     18D9        8         0
                stringtext13                       18D1     18D1        8         0
                stringtext12                       18C9     18C9        8         0
                stringtext11                       18C1     18C1        8         0
                stringtext10                       18B9     18B9        8         0
                stringtext9                        18B1     18B1        8         0
                stringtext8                        18A9     18A9        8         0
                stringtext7                        18A1     18A1        8         0
                stringtext6                        1899     1899        8         0
                stringtext5                        1891     1891        8         0
                stringtext4                        1889     1889        8         0
                stringtext3                        1881     1881        8         0
                stringtext2                        1879     1879        8         0
                stringtext1                        1851     1851        A         0

        CLASS   STRING         

        CLASS   CONST          

        CLASS   ENTRY          

        CLASS   COMMON         
                cstackCOMMON                         70       70        A         1
                bssCOMMON                            7A       7A        2         1

        CLASS   BANK0          
                cstackBANK0                          20       20       36         1
                dataBANK0                            60       60        4         1
                bssBANK0                             56       56        A         1

        CLASS   BANK1          

        CLASS   BANK2          

        CLASS   BANK3          

        CLASS   BANK4          

        CLASS   BANK5          

        CLASS   BANK6          

        CLASS   BANK7          

        CLASS   BANK8          

        CLASS   BANK9          

        CLASS   BANK10         

        CLASS   BANK11         

        CLASS   BANK12         

        CLASS   BIGRAM         

        CLASS   RAM            

        CLASS   ABS1           
                abs_s1                               7E       7E        2         1

        CLASS   SFR0           

        CLASS   SFR1           

        CLASS   SFR2           

        CLASS   SFR3           

        CLASS   SFR4           

        CLASS   SFR5           

        CLASS   SFR6           

        CLASS   SFR7           

        CLASS   SFR8           

        CLASS   SFR9           

        CLASS   SFR10          

        CLASS   SFR11          

        CLASS   SFR12          

        CLASS   SFR13          

        CLASS   SFR14          

        CLASS   SFR15          

        CLASS   SFR16          

        CLASS   SFR17          

        CLASS   SFR18          

        CLASS   SFR19          

        CLASS   SFR20          

        CLASS   SFR21          

        CLASS   SFR22          

        CLASS   SFR23          

        CLASS   SFR24          

        CLASS   SFR25          

        CLASS   SFR26          

        CLASS   SFR27          

        CLASS   SFR28          

        CLASS   SFR29          

        CLASS   SFR30          

        CLASS   SFR31          

        CLASS   CONFIG         
                config                             8007     8007        2         0

        CLASS   IDLOC          

        CLASS   EEDATA         

        CLASS   BANK31         

        CLASS   BANK30         

        CLASS   BANK29         

        CLASS   BANK28         

        CLASS   BANK27         

        CLASS   BANK26         

        CLASS   BANK25         

        CLASS   BANK24         

        CLASS   BANK23         

        CLASS   BANK22         

        CLASS   BANK21         

        CLASS   BANK20         

        CLASS   BANK19         

        CLASS   BANK18         

        CLASS   BANK17         

        CLASS   BANK16         

        CLASS   BANK15         

        CLASS   BANK14         

        CLASS   BANK13         



SEGMENTS        Name                           Load    Length   Top    Selector   Space  Class     Delta

                reset_vec                      000000  000002  000002         0       0  CODE        2
                intentry                       000004  0007FB  0007FF         8       0  CODE        2
                cstackBANK0                    000020  000044  000064        20       1  BANK0       1
                cstackCOMMON                   000070  00000C  00007C        70       1  COMMON      1
                text46                         000800  00000F  00080F      1000       0  CODE        2
                text4                          00080F  000068  000877      101E       0  CODE        2
                maintext                       000877  00034C  000BC3      10EE       0  CODE        2
                text17                         000BC3  00043D  001000      1786       0  CODE        2
                stringtext242                  001000  000170  001170      2000       0  STRCODE     2
                text34                         001175  000004  001179      22EA       0  CODE        2
                text9                          001179  000004  00117D      22F2       0  CODE        2
                idataBANK0                     00117D  000004  001181      22FA       0  CODE        2
                text44                         001181  000005  001186      2302       0  CODE        2
                text43                         001186  000005  00118B      230C       0  CODE        2
                text42                         00118B  000005  001190      2316       0  CODE        2
                text23                         001190  000006  001196      2320       0  CODE        2
                text22                         001196  000006  00119C      232C       0  CODE        2
                text20                         00119C  000006  0011A2      2338       0  CODE        2
                text16                         0011A2  000006  0011A8      2344       0  CODE        2
                text41                         0011A8  000007  0011AF      2350       0  CODE        2
                text30                         0011AF  000007  0011B6      235E       0  CODE        2
                text49                         0011B6  000008  0011BE      236C       0  CODE        2
                text47                         0011BE  000008  0011C6      237C       0  CODE        2
                text1                          0011C6  000008  0011CE      238C       0  CODE        2
                text27                         0011CE  000009  0011D7      239C       0  CODE        2
                text14                         0011D7  000009  0011E0      23AE       0  CODE        2
                text33                         0011E0  00000C  0011EC      23C0       0  CODE        2
                text15                         0011EC  00000C  0011F8      23D8       0  CODE        2
                text10                         0011F8  00000C  001204      23F0       0  CODE        2
                text25                         001204  00000D  001211      2408       0  CODE        2
                text8                          001211  000011  001222      2422       0  CODE        2
                text35                         001222  000016  001238      2444       0  CODE        2
                text28                         001238  000016  00124E      2470       0  CODE        2
                text12                         00124E  00001A  001268      249C       0  CODE        2
                text45                         001268  00001C  001284      24D0       0  CODE        2
                text2                          001284  00001D  0012A1      2508       0  CODE        2
                text24                         0012A1  000020  0012C1      2542       0  CODE        2
                text26                         0012C1  000021  0012E2      2582       0  CODE        2
                text21                         0012E2  000024  001306      25C4       0  CODE        2
                text31                         001306  00002D  001333      260C       0  CODE        2
                text32                         001333  000034  001367      2666       0  CODE        2
                text13                         001367  000034  00139B      26CE       0  CODE        2
                text39                         00139B  00003B  0013D6      2736       0  CODE        2
                text37                         0013D6  00003F  001415      27AC       0  CODE        2
                text38                         001415  000047  00145C      282A       0  CODE        2
                text18                         00145C  000048  0014A4      28B8       0  CODE        2
                text40                         0014A4  000057  0014FB      2948       0  CODE        2
                text36                         0014FB  00005B  001556      29F6       0  CODE        2
                text5                          001556  000068  0015BE      2AAC       0  CODE        2
                text29                         0015BE  00011D  0016DB      2B7C       0  CODE        2
                text7                          0016DB  000125  001800      2DB6       0  CODE        2
                stringtext288                  001800  0007FF  001FFF      3000       0  STRCODE     2
                config                         008007  000002  008009     1000E       0  CONFIG      2


UNUSED ADDRESS RANGES

        Name                Unused          Largest block    Delta
        BANK0            00064-0006F               C           1
        BANK1            000A0-000EF              50           1
        BANK10           00520-0056F              50           1
        BANK11           005A0-005EF              50           1
        BANK12           00620-0064F              30           1
        BANK2            00120-0016F              50           1
        BANK3            001A0-001EF              50           1
        BANK4            00220-0026F              50           1
        BANK5            002A0-002EF              50           1
        BANK6            00320-0036F              50           1
        BANK7            003A0-003EF              50           1
        BANK8            00420-0046F              50           1
        BANK9            004A0-004EF              50           1
        BIGRAM           02000-023EF             3F0           1
        CODE             00002-00003               2           2
                         007FF-007FF               1
                         01170-01174               5
                         01FFF-01FFF               1
        COMMON           0007C-0007D               2           1
        CONST            00002-00003               2           2
                         007FF-007FF               1
                         01170-01174               5
                         01FFF-01FFF               1
        EEDATA           0F000-0F0FF             100           2
        ENTRY            00002-00003               2           2
                         007FF-007FF               1
                         01170-01174               5
                         01FFF-01FFF               1
        IDLOC            08000-08003               4           2
        RAM              00064-0006F               C           1
                         000A0-000EF              50
                         00120-0016F              50
                         001A0-001EF              50
                         00220-0026F              50
                         002A0-002EF              50
                         00320-0036F              50
                         003A0-003EF              50
                         00420-0046F              50
                         004A0-004EF              50
                         00520-0056F              50
                         005A0-005EF              50
                         00620-0064F              30
        SFR0             00000-0001F              20           1
        SFR1             00080-0009F              20           1
        SFR10            00500-0051F              20           1
        SFR11            00580-0059F              20           1
        SFR12            00600-0061F              20           1
        SFR13            00680-006EF              70           1
        SFR14            00700-0076F              70           1
        SFR15            00780-007EF              70           1
        SFR16            00800-0086F              70           1
        SFR17            00880-008EF              70           1
        SFR18            00900-0096F              70           1
        SFR19            00980-009EF              70           1
        SFR2             00100-0011F              20           1
        SFR20            00A00-00A6F              70           1
        SFR21            00A80-00AEF              70           1
        SFR22            00B00-00B6F              70           1
        SFR23            00B80-00BEF              70           1
        SFR24            00C00-00C6F              70           1
        SFR25            00C80-00CEF              70           1
        SFR26            00D00-00D6F              70           1
        SFR27            00D80-00DEF              70           1
        SFR28            00E00-00E6F              70           1
        SFR29            00E80-00EEF              70           1
        SFR3             00180-0019F              20           1
        SFR30            00F00-00F6F              70           1
        SFR31            00F80-00FEF              70           1
        SFR4             00200-0021F              20           1
        SFR5             00280-0029F              20           1
        SFR6             00300-0031F              20           1
        SFR7             00380-0039F              20           1
        SFR8             00400-0041F              20           1
        SFR9             00480-0049F              20           1
        STACK            02044-023EF             3AC           1
        STRCODE          00002-00003               2           2
                         007FF-007FF               1
                         01170-01174               5
                         01FFF-01FFF               1
        STRING           00002-00003               2           2
                         007FF-007FF               1
                         01170-01174               5
                         01FFF-01FFF               1

                                  Symbol Table

?___lwdiv                    cstackCOMMON  00072
?___lwmod                    cstackBANK0   00020
?__doprnt                    cstackBANK0   00026
?_printf                     cstackBANK0   00033
?_sprintf                    cstackBANK0   00033
I2C_LCD_Busy@Slave           cstackCOMMON  00079
I2C_LCD_Busy@Temp1           cstackCOMMON  00077
I2C_LCD_Busy@read_byte       cstackCOMMON  00078
I2C_LCD_Command@Cmd          cstackBANK0   00020
I2C_LCD_Command@HiBytex      cstackBANK0   00024
I2C_LCD_Command@LoBytex      cstackBANK0   00025
I2C_LCD_Command@Slave        cstackBANK0   00023
I2C_LCD_Init@Slave           cstackBANK0   00022
I2C_LCD_Init@Tvar1           cstackBANK0   00021
I2C_LCD_Pos@HiBytex          cstackBANK0   00024
I2C_LCD_Pos@LoBytex          cstackBANK0   00025
I2C_LCD_Pos@Pos              cstackBANK0   00020
I2C_LCD_Pos@Slave            cstackBANK0   00023
I2C_LCD_SWrite@Data          cstackBANK0   00020
I2C_LCD_SWrite@H             cstackBANK0   00026
I2C_LCD_SWrite@L             cstackBANK0   00027
I2C_LCD_SWrite@Max           cstackBANK0   00021
I2C_LCD_SWrite@Slave         cstackBANK0   00025
I2C_LCD_SWrite@j             cstackBANK0   00028
MAX7219_Write@data           cstackCOMMON  00076
MAX7219_Write@reg            cstackCOMMON  00077
SPI_Write@data               cstackCOMMON  00074
SPI_Write@i                  cstackCOMMON  00075
_ADCON0                      (abs)         0009D
[...]
      Locals:         0       0       0       0       0       0       0       0       0       0       0       0       0       0
      Temps:          0       0       0       0       0       0       0       0       0       0       0       0       0       0
      Totals:         0       0       0       0       0       0       0       0       0       0       0       0       0       0
Total ram usage:        0 bytes
 Hardware stack levels used:    1
 Hardware stack levels required when called:    2
 This function calls:
		Nothing
 This function is called by:
		_i2c_Start
		_i2c_Restart
		_i2c_Stop
		_i2c_Write
		_i2c_Address
		_i2c_Read
 This function uses a non-reentrant model


 *************** function _get_Touch *****************
 Defined at:
		line 421 in file "main.c"
 Parameters:    Size  Location     Type
		None
 Auto vars:     Size  Location     Type
		None
 Return value:  Size  Location     Type
                  1    wreg      void 
 Registers used:
		wreg, fsr1l, fsr1h, status,2, status,0, pclath, cstack
 Tracked objects:
		On entry : 
		On exit  : 
		Unchanged: 
 Data sizes:     COMMON   BANK0   BANK1   BANK2   BANK3   BANK4   BANK5   BANK6   BANK7   BANK8   BANK9  BANK10  BANK11  BANK12
      Params:         0       0       0       0       0       0       0       0       0       0       0       0       0       0
      Locals:         0       0       0       0       0       0       0       0       0       0       0       0       0       0
      Temps:          2       0       0       0       0       0       0       0       0       0       0       0       0       0
      Totals:         2       0       0       0       0       0       0       0       0       0       0       0       0       0
Total ram usage:        2 bytes
 Hardware stack levels used:    1
 Hardware stack levels required when called:    1
 This function calls:
		i1_timer_config
 This function is called by:
		Interrupt level 1
 This function uses a non-reentrant model


 *************** function i1_timer_config *****************
 Defined at:
		line 412 in file "main.c"
 Parameters:    Size  Location     Type
		None
 Auto vars:     Size  Location     Type
		None
 Return value:  Size  Location     Type
                  1    wreg      void 
 Registers used:
		status,2
 Tracked objects:
		On entry : 
		On exit  : 
		Unchanged: 
 Data sizes:     COMMON   BANK0   BANK1   BANK2   BANK3   BANK4   BANK5   BANK6   BANK7   BANK8   BANK9  BANK10  BANK11  BANK12
      Params:         0       0       0       0       0       0       0       0       0       0       0       0       0       0
      Locals:         0       0       0       0       0       0       0       0       0       0       0       0       0       0
      Temps:          0       0       0       0       0       0       0       0       0       0       0       0       0       0
      Totals:         0       0       0       0       0       0       0       0       0       0       0       0       0       0
Total ram usage:        0 bytes
 Hardware stack levels used:    1
 This function calls:
		Nothing
 This function is called by:
		_get_Touch
 This function uses a non-reentrant model



MODULE INFORMATION

Module		Function		Class		Link	Load	Size
/opt/microchip/xc8/v1.45/sources/common/printf.c
		_printf        		CODE           	1238	0000	23

/opt/microchip/xc8/v1.45/sources/common/printf.c estimated size: 23

/opt/microchip/xc8/v1.45/sources/common/lwmod.c
		___lwmod       		CODE           	1306	0000	46

/opt/microchip/xc8/v1.45/sources/common/lwmod.c estimated size: 46

header/i2c.h
		_i2c_Address   		CODE           	0800	0000	16
		_i2c_Write     		CODE           	11A8	0000	8
		_i2c_Stop      		CODE           	118B	0000	6
		_i2c_Wait      		CODE           	11BE	0000	9
		_i2c_Read      		CODE           	1268	0000	29
		_i2c_Init      		CODE           	11F8	0000	13
		_i2c_Start     		CODE           	1186	0000	6
		_i2c_Restart   		CODE           	1181	0000	6

header/i2c.h estimated size: 93

shared
		_riff14        		STRCODE        	1B11	0000	9
		_riff33        		STRCODE        	1A79	0000	9
		_riff52        		STRCODE        	19E1	0000	9
		_riff71        		STRCODE        	1951	0000	9
		_riff90        		STRCODE        	18B9	0000	9
		_yellow8       		STRCODE        	1F79	0000	9
		_reddy1        		STRCODE        	1E59	0000	9
		_note59        		STRCODE        	1C71	0000	9
		_note78        		STRCODE        	1BD9	0000	9
		_riff17        		STRCODE        	1AF9	0000	9
		_riff36        		STRCODE        	1A61	0000	9
		_riff55        		STRCODE        	19C9	0000	9
		_riff74        		STRCODE        	1939	0000	9
		_riff93        		STRCODE        	18A1	0000	9
		_note3         		STRCODE        	1E31	0000	9
		_riff39        		STRCODE        	1A49	0000	9
		_riff58        		STRCODE        	19B1	0000	9
		_riff77        		STRCODE        	1921	0000	9
		_riff96        		STRCODE        	1889	0000	9
		_note22        		STRCODE        	1D99	0000	9
		_note41        		STRCODE        	1D01	0000	9
		_note60        		STRCODE        	1C69	0000	9
		_note9         		STRCODE        	1E01	0000	9
		_green3        		STRCODE        	1148	0000	9
		_riff1         		STRCODE        	1B79	0000	9
		_green11       		STRCODE        	1108	0000	9
		_green30       		STRCODE        	1070	0000	9
		_note25        		STRCODE        	1D81	0000	9
		_note44        		STRCODE        	1CE9	0000	9
		_note63        		STRCODE        	1C51	0000	9
		_note82        		STRCODE        	1BB9	0000	9
		_green6        		STRCODE        	1130	0000	9
		_riff21        		STRCODE        	1AD9	0000	9
		_riff40        		STRCODE        	1A41	0000	9
		_riff7         		STRCODE        	1B49	0000	9
		_green22       		STRCODE        	10B0	0000	9
		_green41       		STRCODE        	1018	0000	9
		_note28        		STRCODE        	1D69	0000	9
		_note47        		STRCODE        	1CD1	0000	9
		_note66        		STRCODE        	1C39	0000	9
		_green9        		STRCODE        	1118	0000	9
		_riff24        		STRCODE        	1AC1	0000	9
		_riff43        		STRCODE        	1A29	0000	9
		_riff62        		STRCODE        	1991	0000	9
		_riff81        		STRCODE        	1901	0000	9
		_green14       		STRCODE        	10F0	0000	9
		_green33       		STRCODE        	1058	0000	9
		_green52       		STRCODE        	1FB9	0000	9
		_note69        		STRCODE        	1C21	0000	9
		_yellow1       		STRCODE        	1FB1	0000	9
		_yellow10      		STRCODE        	1F69	0000	9
		_yellow11      		STRCODE        	1F61	0000	9
		_yellow12      		STRCODE        	1F59	0000	9
		_yellow13      		STRCODE        	1F51	0000	9
		_yellow14      		STRCODE        	1F49	0000	9
		_yellow15      		STRCODE        	1F41	0000	9
		_yellow16      		STRCODE        	1F39	0000	9
		_yellow17      		STRCODE        	1F31	0000	9
		_yellow18      		STRCODE        	1F29	0000	9
		_yellow19      		STRCODE        	1F21	0000	9
		_riff27        		STRCODE        	1AA9	0000	9
		_riff46        		STRCODE        	1A11	0000	9
		_riff65        		STRCODE        	1979	0000	9
		_riff84        		STRCODE        	18E9	0000	9
		_green25       		STRCODE        	1098	0000	9
		_green44       		STRCODE        	1000	0000	9
		_note10        		STRCODE        	1DF9	0000	9
		_note4         		STRCODE        	1E29	0000	9
		_riff49        		STRCODE        	19F9	0000	9
		_riff68        		STRCODE        	0000	0000	0
		_riff87        		STRCODE        	18D1	0000	9
		_dpowers       		STRCODE        	1851	0000	11
		_repeat1       		STRCODE        	1BA9	0000	9
		_green17       		STRCODE        	10D8	0000	9
		_green36       		STRCODE        	1040	0000	9
		_yellow4       		STRCODE        	1F99	0000	9
		_note13        		STRCODE        	1DE1	0000	9
		_note32        		STRCODE        	1D49	0000	9
		_note51        		STRCODE        	1CB1	0000	9
		_note70        		STRCODE        	1C19	0000	9
		_green28       		STRCODE        	1080	0000	9
		_green47       		STRCODE        	1FE1	0000	9
		_riff2         		STRCODE        	1B71	0000	9
		_note16        		STRCODE        	1DC9	0000	9
		_note35        		STRCODE        	1D31	0000	9
		_note54        		STRCODE        	1C99	0000	9
		_note73        		STRCODE        	1C01	0000	9
		_green39       		STRCODE        	1028	0000	9
		_riff12        		STRCODE        	1B21	0000	9
		_riff31        		STRCODE        	1A89	0000	9
		_riff50        		STRCODE        	19F1	0000	9
		_yellow7       		STRCODE        	1F81	0000	9
		_riff8         		STRCODE        	1B41	0000	9
		_note19        		STRCODE        	1DB1	0000	9
		_note38        		STRCODE        	1D19	0000	9
		_note57        		STRCODE        	1C81	0000	9
		_note76        		STRCODE        	1BE9	0000	9
		_riff15        		STRCODE        	1B09	0000	9
		_riff34        		STRCODE        	1A71	0000	9
		_riff53        		STRCODE        	19D9	0000	9
		_riff72        		STRCODE        	1949	0000	9
		_riff91        		STRCODE        	18B1	0000	9
		_reddy2        		STRCODE        	1E51	0000	9
		_note79        		STRCODE        	1BD1	0000	9
		_riff18        		STRCODE        	1AF1	0000	9
		_riff37        		STRCODE        	1A59	0000	9
		_riff56        		STRCODE        	19C1	0000	9
		_riff75        		STRCODE        	1931	0000	9
		_riff94        		STRCODE        	1899	0000	9
		_note20        		STRCODE        	1DA9	0000	9
		_note5         		STRCODE        	1E21	0000	9
		_green1        		STRCODE        	1158	0000	9
		_riff59        		STRCODE        	19A9	0000	9
		_riff78        		STRCODE        	1919	0000	9
		_riff97        		STRCODE        	1881	0000	9
		_green10       		STRCODE        	1110	0000	9
		_note23        		STRCODE        	1D91	0000	9
		_note42        		STRCODE        	1CF9	0000	9
		_note61        		STRCODE        	1C61	0000	9
		_note80        		STRCODE        	1BC9	0000	9
		_green4        		STRCODE        	1140	0000	9
		_riff3         		STRCODE        	1B69	0000	9
		_green21       		STRCODE        	10B8	0000	9
		_green40       		STRCODE        	1020	0000	9
		_note26        		STRCODE        	1D79	0000	9
		_note45        		STRCODE        	1CE1	0000	9
		_note64        		STRCODE        	1C49	0000	9
		_note83        		STRCODE        	1BB1	0000	9
		_green7        		STRCODE        	1128	0000	9
		__initialization		CODE           	0046	0000	28
		_riff22        		STRCODE        	1AD1	0000	9
		_riff41        		STRCODE        	1A39	0000	9
		_riff60        		STRCODE        	19A1	0000	9
		_riff9         		STRCODE        	1B39	0000	9
		_green13       		STRCODE        	10F8	0000	9
		_green32       		STRCODE        	1060	0000	9
		_green51       		STRCODE        	1FC1	0000	9
		_note29        		STRCODE        	1D61	0000	9
		_note48        		STRCODE        	1CC9	0000	9
		_note67        		STRCODE        	1C31	0000	9
		_riff25        		STRCODE        	1AB9	0000	9
		_riff44        		STRCODE        	1A21	0000	9
		_riff63        		STRCODE        	1989	0000	9
		_riff82        		STRCODE        	18F9	0000	9
		_green24       		STRCODE        	10A0	0000	9
		_green43       		STRCODE        	1008	0000	9
		_riff28        		STRCODE        	1AA1	0000	9
		_riff47        		STRCODE        	1A09	0000	9
		_riff66        		STRCODE        	1971	0000	9
		_riff85        		STRCODE        	18E1	0000	9
		_green16       		STRCODE        	10E0	0000	9
		_green35       		STRCODE        	1048	0000	9
		_yellow3       		STRCODE        	1FA1	0000	9
		_yellow30      		STRCODE        	1EC9	0000	9
		_yellow31      		STRCODE        	1EC1	0000	9
		_yellow32      		STRCODE        	1EB9	0000	9
		_yellow33      		STRCODE        	1EB1	0000	9
		_yellow34      		STRCODE        	1EA9	0000	9
		_yellow35      		STRCODE        	1EA1	0000	9
		_yellow36      		STRCODE        	1E99	0000	9
		_yellow37      		STRCODE        	1E91	0000	9
		_note11        		STRCODE        	1DF1	0000	9
		_note30        		STRCODE        	1D59	0000	9
		_note6         		STRCODE        	1E19	0000	9
		_riff69        		STRCODE        	1961	0000	9
		_riff88        		STRCODE        	18C9	0000	9
		_green27       		STRCODE        	1088	0000	9
		_green46       		STRCODE        	1FE9	0000	9
		_note14        		STRCODE        	1DD9	0000	9
		_note33        		STRCODE        	1D41	0000	9
		_note52        		STRCODE        	1CA9	0000	9
		_note71        		STRCODE        	1C11	0000	9
		_green19       		STRCODE        	10C8	0000	9
		_green38       		STRCODE        	1030	0000	9
		_riff10        		STRCODE        	1B31	0000	9
		_yellow6       		STRCODE        	1F89	0000	9
		_riff4         		STRCODE        	1B61	0000	9
		_note17        		STRCODE        	1DC1	0000	9
		_note36        		STRCODE        	1D29	0000	9
		_note55        		STRCODE        	1C91	0000	9
		_note74        		STRCODE        	1BF9	0000	9
		_everyother1   		STRCODE        	1B99	0000	9
		_everyother2   		STRCODE        	1B91	0000	9
		_everyother3   		STRCODE        	1B89	0000	9
		_everyother4   		STRCODE        	1B81	0000	9
		_green49       		STRCODE        	1FD1	0000	9
		_riff13        		STRCODE        	1B19	0000	9
		_riff32        		STRCODE        	1A81	0000	9
		_riff51        		STRCODE        	19E9	0000	9
		_riff70        		STRCODE        	1959	0000	9
		_note39        		STRCODE        	1D11	0000	9
		_note58        		STRCODE        	1C79	0000	9
		_note77        		STRCODE        	1BE1	0000	9
		_riff16        		STRCODE        	1B01	0000	9
		_riff35        		STRCODE        	1A69	0000	9
		_riff54        		STRCODE        	19D1	0000	9
		_riff73        		STRCODE        	1941	0000	9
		_riff92        		STRCODE        	18A9	0000	9
		_yellow9       		STRCODE        	1F71	0000	9
		_reddy3        		STRCODE        	1E49	0000	9
		_note1         		STRCODE        	1E41	0000	9
		_riff19        		STRCODE        	1AE9	0000	9
		_riff38        		STRCODE        	1A51	0000	9
		_riff57        		STRCODE        	19B9	0000	9
		_riff76        		STRCODE        	1929	0000	9
		_riff95        		STRCODE        	1891	0000	9
		_note21        		STRCODE        	1DA1	0000	9
		_note40        		STRCODE        	1D09	0000	9
		_note7         		STRCODE        	1E11	0000	9
		_green2        		STRCODE        	1150	0000	9
		_riff79        		STRCODE        	1911	0000	9
		_green1_1      		STRCODE        	1800	0000	9
		_green1_2      		STRCODE        	1168	0000	9
		_green1_3      		STRCODE        	1160	0000	9
		_green20       		STRCODE        	10C0	0000	9
		_note24        		STRCODE        	1D89	0000	9
		_note43        		STRCODE        	1CF1	0000	9
		_note62        		STRCODE        	1C59	0000	9
		_note81        		STRCODE        	1BC1	0000	9
		_green5        		STRCODE        	1138	0000	9
		_riff20        		STRCODE        	1AE1	0000	9
		_riff5         		STRCODE        	1B59	0000	9
		_green12       		STRCODE        	1100	0000	9
		_green31       		STRCODE        	1068	0000	9
		_green50       		STRCODE        	1FC9	0000	9
		_note27        		STRCODE        	1D71	0000	9
		_note46        		STRCODE        	1CD9	0000	9
		_note65        		STRCODE        	1C41	0000	9
		_green8        		STRCODE        	1120	0000	9
		_riff23        		STRCODE        	1AC9	0000	9
		_riff42        		STRCODE        	1A31	0000	9
		_riff61        		STRCODE        	1999	0000	9
		_riff80        		STRCODE        	1909	0000	9
		_green23       		STRCODE        	10A8	0000	9
		_green42       		STRCODE        	1010	0000	9
		_note49        		STRCODE        	1CC1	0000	9
		_note68        		STRCODE        	1C29	0000	9
		_riff26        		STRCODE        	1AB1	0000	9
		_riff45        		STRCODE        	1A19	0000	9
		_riff64        		STRCODE        	1981	0000	9
		_riff83        		STRCODE        	18F1	0000	9
		_green15       		STRCODE        	10E8	0000	9
		_green34       		STRCODE        	1050	0000	9
		_yellow2       		STRCODE        	1FA9	0000	9
		_yellow20      		STRCODE        	1F19	0000	9
		_yellow21      		STRCODE        	1F11	0000	9
		_yellow22      		STRCODE        	1F09	0000	9
		_yellow23      		STRCODE        	1F01	0000	9
		_yellow24      		STRCODE        	1EF9	0000	9
		_yellow25      		STRCODE        	1EF1	0000	9
		_yellow26      		STRCODE        	1EE9	0000	9
		_yellow27      		STRCODE        	1EE1	0000	9
		_yellow28      		STRCODE        	1ED9	0000	9
		_yellow29      		STRCODE        	1ED1	0000	9
		i1_timer_config		CODE           	11B6	0000	9
		_note2         		STRCODE        	1E39	0000	9
		_riff29        		STRCODE        	1A99	0000	9
		_riff48        		STRCODE        	1A01	0000	9
		_riff67        		STRCODE        	1969	0000	9
		_riff86        		STRCODE        	18D9	0000	9
		_green26       		STRCODE        	1090	0000	9
		_green45       		STRCODE        	1FF1	0000	9
		_note12        		STRCODE        	1DE9	0000	9
		_note31        		STRCODE        	1D51	0000	9
		_note50        		STRCODE        	1CB9	0000	9
		_yellowred1    		STRCODE        	1E89	0000	9
		_yellowred2    		STRCODE        	1E81	0000	9
		_yellowred3    		STRCODE        	1E79	0000	9
		_yellowred4    		STRCODE        	1E71	0000	9
		_yellowred5    		STRCODE        	1E69	0000	9
		_yellowred6    		STRCODE        	1E61	0000	9
		_note8         		STRCODE        	1E09	0000	9
		_riff89        		STRCODE        	18C1	0000	9
		_repeat2       		STRCODE        	1BA1	0000	9
		_green18       		STRCODE        	10D0	0000	9
		_green37       		STRCODE        	1038	0000	9
		_yellow5       		STRCODE        	1F91	0000	9
		_note15        		STRCODE        	1DD1	0000	9
		_note34        		STRCODE        	1D39	0000	9
		_note53        		STRCODE        	1CA1	0000	9
		_note72        		STRCODE        	1C09	0000	9
		_green29       		STRCODE        	1078	0000	9
		_green48       		STRCODE        	1FD9	0000	9
		_riff11        		STRCODE        	1B29	0000	9
		_riff30        		STRCODE        	1A91	0000	9
		_riff6         		STRCODE        	1B51	0000	9
		_note18        		STRCODE        	1DB9	0000	9
		_note37        		STRCODE        	1D21	0000	9
		_note56        		STRCODE        	1C89	0000	9
		_note75        		STRCODE        	1BF1	0000	9

shared estimated size: 2622

/opt/microchip/xc8/v1.45/sources/common/lwdiv.c
		___lwdiv       		CODE           	1333	0000	53

/opt/microchip/xc8/v1.45/sources/common/lwdiv.c estimated size: 53

/opt/microchip/xc8/v1.45/sources/common/sprintf.c
		_sprintf       		CODE           	1284	0000	30

/opt/microchip/xc8/v1.45/sources/common/sprintf.c estimated size: 30

/opt/microchip/xc8/v1.45/sources/common/doprnt.c
		__doprnt       		CODE           	15BE	0000	286

/opt/microchip/xc8/v1.45/sources/common/doprnt.c estimated size: 286

main.c
		_bluenote      		CODE           	11A2	0000	7
		_pinConfig     		CODE           	1179	0000	5
		_slowride      		CODE           	07CE	0000	50
		_display       		CODE           	12A1	0000	33
		_putch         		CODE           	11AF	0000	8
		_yellownote    		CODE           	119C	0000	7
		_mainriff      		CODE           	1556	0000	105
		_yellownotes   		CODE           	055D	0000	437
		_yellowrednotes		CODE           	145C	0000	73
		_mainriffends  		CODE           	080F	0000	105
		_everlong      		CODE           	0BC3	0000	1086
		_main          		CODE           	0877	0000	845
		_greenrepeat   		CODE           	0711	0000	190
		_delay2        		CODE           	11CE	0000	10
		_emptynote     		CODE           	1190	0000	7
		_timer_config  		CODE           	11C6	0000	9
		_SPI_Write     		CODE           	12C1	0000	34
		_init8x8       		CODE           	11E0	0000	13
		_heaviest      		CODE           	0065	0000	1273
		_setup_comms   		CODE           	1211	0000	18
		_MAX7219_Write 		CODE           	1204	0000	14
		_get_Touch     		CODE           	0004	0000	65
		_clockAndpin_config		CODE           	1222	0000	23
		_everyother    		CODE           	1367	0000	53
		_delay3        		CODE           	11D7	0000	10
		_startsong     		CODE           	124E	0000	27
		_rednote       		CODE           	1196	0000	7
		_rednotes      		CODE           	12E2	0000	37
		_greennote     		CODE           	1175	0000	5
		_greenbegins   		CODE           	16DB	0000	294
		_delay1        		CODE           	11EC	0000	13

main.c estimated size: 4863

header/i2c_LCD.h
		_I2C_LCD_SWrite		CODE           	14FB	0000	92
		_I2C_LCD_Command		CODE           	139B	0000	60
		_I2C_LCD_Pos   		CODE           	13D6	0000	64
		_I2C_LCD_Init  		CODE           	1415	0000	72
		_I2C_LCD_Busy  		CODE           	14A4	0000	88

header/i2c_LCD.h estimated size: 376

